[www.qorvo.com/products/amplifiers/power-amplifiers.html]
[backblue.gif]
[fade.gif]
[index.html]
[www.qorvo.com/Content/QorvoPublic/images/Favicon/apple-touch-icon-57x57-bw.png]
[www.qorvo.com/Content/QorvoPublic/images/Favicon/apple-touch-icon-114x114-bw.png]
[www.qorvo.com/Content/QorvoPublic/images/Favicon/apple-touch-icon-72x72-bw.png]
[www.qorvo.com/Content/QorvoPublic/images/Favicon/apple-touch-icon-144x144-bw.png]
[www.qorvo.com/Content/QorvoPublic/images/Favicon/apple-touch-icon-60x60-bw.png]
[www.qorvo.com/Content/QorvoPublic/images/Favicon/apple-touch-icon-120x120-bw.png]
[www.qorvo.com/Content/QorvoPublic/images/Favicon/apple-touch-icon-76x76-bw.png]
[www.qorvo.com/Content/QorvoPublic/images/Favicon/apple-touch-icon-152x152-bw.png]
[www.qorvo.com/Content/QorvoPublic/images/Favicon/favicon-196x196.png]
[www.qorvo.com/Content/QorvoPublic/images/Favicon/favicon-96x96.png]
[www.qorvo.com/Content/QorvoPublic/images/Favicon/favicon-32x32.png]
[www.qorvo.com/Content/QorvoPublic/images/Favicon/favicon-16x16.png]
[www.qorvo.com/Content/QorvoPublic/images/Favicon/favicon-128.png]
[www.qorvo.com/Content/QorvoPublic/images/Favicon/favicon.ico]
[www.qorvo.com/Content/QorvoPublic/images/Favicon/mstile-144x144.png]
[www.qorvo.com/Content/QorvoPublic/images/Favicon/mstile-70x70.png]
[www.qorvo.com/Content/QorvoPublic/images/Favicon/mstile-150x150.png]
[www.qorvo.com/Content/QorvoPublic/images/Favicon/mstile-310x150.png]
[www.qorvo.com/Content/QorvoPublic/images/Favicon/mstile-310x310.png]
[www.qorvo.com/Content/QorvoPublic/css/main.css]
[www.qorvo.com/Content/QorvoPublic/css/loading.css]
[fast.fonts.net/cssapi/94d25f4a-3ba1-4f5f-a1db-65f1a3183353.css]
[www.qorvo.com/scripts/QorvoPublic/modernizr.js]
[cdnjs.cloudflare.com/ajax/libs/noUiSlider/8.4.0/nouislider.min.js]
[www.google-analytics.com/analytics.js]
[browser-update.org/update.min.js]
[munchkin.marketo.net/munchkin.js]
[cdn.cookielaw.org/consent/019745d0-d0de-7e1a-8109-e068e5282dbf/OtAutoBlock.js]
[cdn.cookielaw.org/scripttemplates/otSDKStub.js]
[platform.linkedin.com/in.js]
[www.qorvo.com/products/amplifiers/catv-amplifiers.html]
[www.qorvo.com/products/amplifiers/distributed-amplifiers.html]
[www.qorvo.com/products/amplifiers/driver-amplifiers.html]
[www.qorvo.com/products/amplifiers/gain-block-amplifiers.html]
[www.qorvo.com/products/amplifiers/high-frequency-amplifiers.html]
[www.qorvo.com/products/amplifiers/low-noise-amplifiers.html]
[www.qorvo.com/products/amplifiers/low-phase-noise-amplifiers.html]
[www.qorvo.com/products/amplifiers/mobile-amplifiers.html]
[www.qorvo.com/products/amplifiers/spatium.html]
[www.qorvo.com/products/amplifiers/variable-gain-amplifiers.html]
[www.qorvo.com/products/amplifiers/wifi-network-equipment-amplifiers.html]
[www.qorvo.com/-/media/images/qorvopublic/megamenu/qorvo-products85f4.png]
[www.qorvo.com/-/media/images/qorvopublic/innovation/5G-hero-image_320x1804099.png]
[www.qorvo.com/-/media/images/qorvopublic/common/AMMA_320x1805849.jpg]
[www.qorvo.com/-/media/images/qorvopublic/dummies-thumbnail/5g-rf-for-dummies-masonry_294x1662cbc.png]
[www.qorvo.com/-/media/images/qorvopublic/common/gan-innovation_320x180e0ee.png]
[www.qorvo.com/-/media/images/qorvopublic/common/support_320x1807ba8.png]
[www.qorvo.com/-/media/images/qorvopublic/video-poster-image/2022 Qorvo Corporate Overview 1000x563e538.jpg]
[www.qorvo.com/-/media/images/qorvopublic/blog/blog-320x1808b8d.png]
[www.qorvo.com/-/media/images/qorvopublic/careers/ma_320x180cd6f.jpg]
[www.qorvo.com/-/media/images/qorvopublic/icons/Qorvo Tech Forum icon 108x42eea9.png]
[www.qorvo.com/-/media/images/qorvopublic/promo-tiles/modelithics_ptile2feb.png]
[www.qorvo.com/-/media/images/qorvopublic/promo-tiles/5G-ptile-icon_150x150719b.png]
[www.qorvo.com/-/media/images/qorvopublic/icons/icon-info_89px64b6.png]
[www.qorvo.com/scripts/QorvoPublic/global.js]
[www.qorvo.com/scripts/QorvoPublic/jquery-ui-1.10.4.custom.js]
[www.qorvo.com/scripts/QorvoPublic/js.cookie.js]
[www.qorvo.com/scripts/QorvoPublic/main.js]
[www.qorvo.com/scripts/jquery.unobtrusive-ajax.js]
[www.qorvo.com/scripts/QorvoPublic/GlobalSearcha4f0.js]
[www.qorvo.com/scripts/QorvoPublic/MobileGlobalSearcha4f0.js]
[www.qorvo.com/products/amplifiers/power-amplifiers.html]
[snap.licdn.com/li.lms-analytics/insight.min.js]
[www.qorvo.com/products/amplifiers/catv-amplifiers.html]
[www.qorvo.com/products/amplifiers/distributed-amplifiers.html]
[www.qorvo.com/-/media/images/qorvopublic/brochure/5g-wireless-infrastructure-brochure-thumb_164x212/5g-wireless-infrastructure-brochure-thumb_164x2128a9a.png]
[www.qorvo.com/-/media/files/qorvopublic/brochures/Qorvo-Your-Trusted-Infrastructure-Partner.pdf]
[www.qorvo.com/-/media/images/qorvopublic/dummies-thumbnail/5g4d2e-135x21279a5.png]
[www.qorvo.com/products/amplifiers/driver-amplifiers.html]
[www.qorvo.com/products/amplifiers/gain-block-amplifiers.html]
[www.qorvo.com/products/amplifiers/high-frequency-amplifiers.html]
[www.qorvo.com/-/media/images/qorvopublic/icons/icon-info_15px.png]
[www.qorvo.com/products/amplifiers/low-noise-amplifiers.html]
[www.qorvo.com/products/amplifiers/low-phase-noise-amplifiers.html]
[www.qorvo.com/products/amplifiers/mobile-amplifiers/3g-wcdma-wgprs-wedge.html]
[www.qorvo.com/products/amplifiers/mobile-amplifiers/4g-lte.html]
[www.qorvo.com/products/amplifiers/mobile-amplifiers/wifi-bluetooth.html]
[www.qorvo.com/-/media/images/qorvopublic/blue-cross-linked-list/BlueCrossBackground.jpg]
[www.qorvo.com/products/amplifiers/mobile-amplifiers.html]
[www.qorvo.com/products/amplifiers/'/-/media/images/qorvopublic/page-heros/HPA DA Spatium SSPAs web page banner.jpg]
[www.qorvo.com/-/media/images/qorvopublic/brochure/SSPA Technology Brochure 164x2114663.png]
[www.qorvo.com/-/media/images/qorvopublic/resources/articles/mwj-celestial-radar-174f24d.jpg]
[www.qorvo.com/-/media/files/qorvopublic/white-papers/qorvo-spatium-frequently-asked-questions.pdf]
[www.qorvo.com/-/media/images/qorvopublic/common/raytheon-is5aba.png]
[www.qorvo.com/-/media/images/qorvopublic/common/microwave-journal-logo_164pxc798.png]
[www.qorvo.com/products/amplifiers/-/media/Images/QorvoPublic/Applications/Spatium/gan-tube.png]
[www.qorvo.com/products/amplifiers/-/media/Images/QorvoPublic/Applications/Spatium/16-grande.png]
[www.qorvo.com/-/media/images/qorvopublic/applications/spatium/spatium_swap-cr_graphicdc55.png]
[www.qorvo.com/scripts/QorvoPublic/SupportLinksa4f0.js]
[www.qorvo.com/products/amplifiers/spatium.html]
[www.qorvo.com/products/amplifiers/variable-gain-amplifiers.html]
[www.qorvo.com/-/media/images/qorvopublic/technical-articles/se-co-2-1-5-5g-or-wi-fi-6-80211ax/SE-CO-2-1-5_112x6259b0.png]
[www.qorvo.com/-/media/images/qorvopublic/technical-articles/e-co-1-1-2-overcoming-mlcc-shortages-with-improved-wi-fi-design/112x62_E-CO-1-1-2b86d.png]
[www.qorvo.com/products/amplifiers/wifi-network-equipment-amplifiers.html]
[dc.ads.linkedin.com/collect/indexaa84.html]
[www.qorvo.com/products/amplifiers/mobile-amplifiers/3g-wcdma-wgprs-wedge.html]
[www.qorvo.com/products/amplifiers/mobile-amplifiers/4g-lte.html]
[www.qorvo.com/products/amplifiers/mobile-amplifiers/wifi-bluetooth.html]
[browser-update.org/update.min.js]
[www.qorvo.com/Content/QorvoPublic/images/Favicon/apple-touch-icon-60x60-bw.png]
[www.qorvo.com/Content/QorvoPublic/images/Favicon/mstile-310x310.png]
[www.qorvo.com/-/media/images/qorvopublic/innovation/5G-hero-image_320x1804099.png]
[www.qorvo.com/-/media/images/qorvopublic/common/AMMA_320x1805849.jpg]
[www.qorvo.com/-/media/images/qorvopublic/common/support_320x1807ba8.png]
[www.qorvo.com/scripts/QorvoPublic/global.js]
[www.qorvo.com/-/media/images/qorvopublic/video-poster-image/2022 Qorvo Corporate Overview 1000x563e538.jpg]
[snap.licdn.com/li.lms-analytics/insight.min.js]
[www.qorvo.com/scripts/QorvoPublic/jquery-ui-1.10.4.custom.js]
[www.qorvo.com/scripts/QorvoPublic/main.js]
[www.qorvo.com/products/amplifiers/'/-/media/images/qorvopublic/page-heros/HPA DA Spatium SSPAs web page banner.jpg]
[www.qorvo.com/-/media/files/qorvopublic/brochures/Qorvo-Your-Trusted-Infrastructure-Partner.pdf]
[www.qorvo.com/-/media/files/qorvopublic/white-papers/qorvo-spatium-frequently-asked-questions.pdf]
[www.qorvo.com/products/amplifiers/-/media/Images/QorvoPublic/Applications/Spatium/gan-tube.png]
[www.qorvo.com/products/amplifiers/-/media/Images/QorvoPublic/Applications/Spatium/16-grande.png]
[www.qorvo.com/-/media/images/qorvopublic/applications/spatium/spatium_swap-cr_graphicdc55.png]
[www.qorvo.com/Content/QorvoPublic/images/spinner.gif]
[www.qorvo.com/Content/QorvoPublic/images/logo.png]
[www.qorvo.com/Content/QorvoPublic/images/spinner.gif]
[www.qorvo.com/Content/QorvoPublic/images/ajax-loader.gif]
[www.qorvo.com/Content/QorvoPublic/images/logo-sm.png]
[www.qorvo.com/Content/QorvoPublic/images/logo-black.jpg]
[www.qorvo.com/Content/QorvoPublic/css/main.css]
[www.qorvo.com/Content/QorvoPublic/css/loading.css]
[fast.fonts.net/cssapi/94d25f4a-3ba1-4f5f-a1db-65f1a3183353.css]
[munchkin.marketo.net/munchkin.js]
[www.qorvo.com/products/amplifiers/catv-amplifiers.html]
[www.qorvo.com/products/amplifiers/3A001.B.2.html]
[www.qorvo.com/products/amplifiers/3A001.b.2-2.html]
[www.qorvo.com/products/amplifiers/5A991.html]
[www.qorvo.com/Content/QorvoPublic/fonts/icomoon070f.svg]
[www.qorvo.com/Content/QorvoPublic/css/fonts/slick.html]
[www.qorvo.com/Content/QorvoPublic/css/fonts/slickd41d.html]
[www.qorvo.com/Content/QorvoPublic/css/fonts/slick-2.html]
[www.qorvo.com/Content/QorvoPublic/css/fonts/slick-3.html]
[www.qorvo.com/Content/QorvoPublic/css/fonts/slick-4.html]
[www.qorvo.com/Content/QorvoPublic/images/_fpo/hero-mobile.html]
[fast.fonts.net/t/1684b.css]
[connect.facebook.net/en_US/sdk.js]
[platform.twitter.com/widgets.js]
